C:/TouchGFXProjects/JBC_FrontEnd/JBC_Frontend/Core/Src/stm32f7xx_hal_msp.c:64:6:HAL_MspInit	8	static
C:/TouchGFXProjects/JBC_FrontEnd/JBC_Frontend/Core/Src/stm32f7xx_hal_msp.c:89:6:HAL_CRC_MspInit	8	static
C:/TouchGFXProjects/JBC_FrontEnd/JBC_Frontend/Core/Src/stm32f7xx_hal_msp.c:112:6:HAL_CRC_MspDeInit	0	static
C:/TouchGFXProjects/JBC_FrontEnd/JBC_Frontend/Core/Src/stm32f7xx_hal_msp.c:134:6:HAL_DMA2D_MspInit	16	static
C:/TouchGFXProjects/JBC_FrontEnd/JBC_Frontend/Core/Src/stm32f7xx_hal_msp.c:160:6:HAL_DMA2D_MspDeInit	0	static
C:/TouchGFXProjects/JBC_FrontEnd/JBC_Frontend/Core/Src/stm32f7xx_hal_msp.c:185:6:HAL_LTDC_MspInit	192	static
C:/TouchGFXProjects/JBC_FrontEnd/JBC_Frontend/Core/Src/stm32f7xx_hal_msp.c:303:6:HAL_LTDC_MspDeInit	8	static
C:/TouchGFXProjects/JBC_FrontEnd/JBC_Frontend/Core/Src/stm32f7xx_hal_msp.c:372:6:HAL_UART_MspInit	192	static
C:/TouchGFXProjects/JBC_FrontEnd/JBC_Frontend/Core/Src/stm32f7xx_hal_msp.c:428:6:HAL_UART_MspDeInit	8	static
C:/TouchGFXProjects/JBC_FrontEnd/JBC_Frontend/Core/Src/stm32f7xx_hal_msp.c:561:6:HAL_SDRAM_MspInit	48	static
C:/TouchGFXProjects/JBC_FrontEnd/JBC_Frontend/Core/Src/stm32f7xx_hal_msp.c:647:6:HAL_SDRAM_MspDeInit	8	static
