Screen.hpp:104:18:virtual void touchgfx::Screen::afterTransition()	0	static
Screen.hpp:154:18:virtual void touchgfx::Screen::handleKeyEvent(uint8_t)	0	static
MainView.cpp:19:6:virtual void MainView::tearDownScreen()	0	static
MainView.hpp:11:13:MainView::~MainView()	8	static
MainView.hpp:11:13:virtual MainView::~MainView()	8	static
MainView.cpp:24:6:virtual void MainView::handleTickEvent()	24	static
MainView.cpp:13:1:MainView::MainView()	8	static
MainView.cpp:78:6:virtual void MainView::ButtonUPClicked()	8	static
MainView.cpp:84:6:virtual void MainView::ButtonDownClicked()	8	static
MainView.cpp:69:6:virtual void MainView::setupScreen()	0	static
MainView.cpp:40:6:virtual void MainView::sliderValueChanged(int)	16	static
