../../Middlewares/ST/touchgfx/framework/include/touchgfx/Screen.hpp:104:18:virtual void touchgfx::Screen::afterTransition()	0	static
../../Middlewares/ST/touchgfx/framework/include/touchgfx/Screen.hpp:154:18:virtual void touchgfx::Screen::handleKeyEvent(uint8_t)	0	static
C:/TouchGFXProjects/JBC_Frontend/TouchGFX/gui/src/main_screen/MainView.cpp:19:6:virtual void MainView::tearDownScreen()	0	static
../../TouchGFX/gui/include/gui/main_screen/MainView.hpp:11:13:MainView::~MainView()	8	static
../../TouchGFX/gui/include/gui/main_screen/MainView.hpp:11:13:virtual MainView::~MainView()	8	static
C:/TouchGFXProjects/JBC_Frontend/TouchGFX/gui/src/main_screen/MainView.cpp:24:6:virtual void MainView::handleTickEvent()	24	static
C:/TouchGFXProjects/JBC_Frontend/TouchGFX/gui/src/main_screen/MainView.cpp:13:1:MainView::MainView()	8	static
C:/TouchGFXProjects/JBC_Frontend/TouchGFX/gui/src/main_screen/MainView.cpp:77:6:virtual void MainView::ButtonUPClicked()	8	static
C:/TouchGFXProjects/JBC_Frontend/TouchGFX/gui/src/main_screen/MainView.cpp:83:6:virtual void MainView::ButtonDownClicked()	8	static
C:/TouchGFXProjects/JBC_Frontend/TouchGFX/gui/src/main_screen/MainView.cpp:68:6:virtual void MainView::setupScreen()	0	static
C:/TouchGFXProjects/JBC_Frontend/TouchGFX/gui/src/main_screen/MainView.cpp:39:6:virtual void MainView::sliderValueChanged(int)	16	static
